agg_gbl_financials|DLY_GPR2.0_FINANCE_COPY_CEREBRO|17:00
agg_gbl_traffic|DLY_GPR2.0_TRAFFIC_COPY_CEREBRO|13:00
agg_search|DLY_AGG_SEARCH_BCOOKIE_DAY_NA|15:30
attr_1_sub|DLY_ATTRIBUTION_3.0_INTL_SUB|14:30
attribution_3.0|DLY_ATTRIBUTION_JANUS_3.0|15:30
attribution_3.1|DLY_ATTRIBUTION_JANUS_3.1|15:30
bld_performance|DLY_BLOODHOUND|12:00
email|DLY_EMAIL|15:30
fact_collections|LOAD_FACT_COLLECTIONS_MV|12:00
fact_global_financial|DLY_INTERNATIONAL|15:30
fact_order_ship_delivers|DLY_STS_GOODS|15:30
gbl_fact_transactions_cd|LOAD_GBL_TABLE_CD|09:00
gbl_fact_transactions_na|LOAD_GBL_FACT_TRANSACTIONS_NA|09:00
gbl_fact_transactions|DLY_GBL_CEREBRO_COPY|15:30
gbl_performance|DLY_WBR_GBL_MARKETING_ANALYTICS|20:00
gbl_superfunnel_core*|DLY_JANUS_SUPER_FUNNEL|11:00
gbl_superfunnel*|DLY_SUPERFUNNEL_V3|18:00
goods_agg|DLY_LOAD_GOODS_DAY_DEAL|15:30
mobile|MOBILE_AGG_FIRST_PAGEVIEW|09:00
sf_upload|DLY_SF_UPLOAD|14:00
zendesk_international|DLY_ZENDESK_INTL_NEW|09:00
zendesk_us|DLY_ZENDESK_US|13:00
gbl_email_impression_agg|DLY_GBL_EMAIL_IMPRESSION_AGG|12:00
NA_push_notification|DLY_MOBILE_PUSH_NOTIFICATION|19:00
EMEA_push_notification|DLY_MOBILE_PUSH_NOTIFICATION_EMEA|19:00
