'Hive'/'deal_country_map'/'Deal Catalog'
'Hive'/'deal_inv_product'/'Voucher Inventory'
'Hive'/'deal_merch_product'/'Deal Catalog'
'Hive'/'deals_core'/'Deal Catalog'
'Hive'/'deal_window_map'/'Deal Catalog'
'Hive'/'dim_deal_unity'/'Deal Catalog'
'hive'/'fact_order_adj_NA'/'groupon_order_production'
'hive'/'fact_order_transactions_NA'/'groupon_order_production'
'hive'/'fact_voucher_details_NA'/'groupon_order_production'
'snc1_hive'/'order_events'/'groupon_orders_snc1'
'snc1_hive'/'order_item_adjustment_events'/'groupon_orders_snc1'
'snc1_hive'/'order_item_adjustments'/'groupon_orders_snc1'
'snc1_hive'/'order_item_unit_events'/'groupon_orders_snc1'
'snc1_hive'/'order_item_units'/'groupon_orders_snc1'
'snc1_hive'/'order_request_details_raw'/'groupon_orders_snc1'
'snc1_hive'/'order_request_details'/'groupon_orders_snc1'
'snc1_hive'/'orders'/'groupon_orders_snc1'
'snc1_hive'/'parent_orders'/'groupon_orders_snc1'
'snc1_hive'/'voucher_barcodes'/'groupon_orders_snc1'
'snc1_teradata'/'campaign_details'/'groupon'
'snc1_teradata'/'campaign_membership_coupons'/'groupon_orders_snc1'
'snc1_teradata'/'campaign_membership_pledges'/'groupon_orders_snc1'
'snc1_teradata'/'campaign_memberships'/'groupon_orders_snc1'
'snc1_teradata'/'campaign_pledges'/'groupon'
'snc1_teradata'/'campaigns'/'groupon'
'snc1_teradata'/'channel_subscriptions'/'groupon_user'
'snc1_teradata'/'collection_transactions'/'groupon_orders_snc1'
'snc1_teradata'/'deal_localized_contents'/'groupon'
'snc1_teradata'/'order_audit_records'/'groupon_orders_snc1'
'snc1_teradata'/'order_discounts'/'groupon_orders_snc1'
'snc1_teradata'/'order_discount_versions'/'groupon_orders_snc1'
'snc1_teradata'/'order_item_adjustments'/'groupon_orders'
'snc1_teradata'/'order_item_adjustments'/'groupon_orders_snc1'
'snc1_teradata'/'order_item_units'/'groupon_orders'
'snc1_teradata'/'order_item_units'/'groupon_orders_snc1'
'snc1_teradata'/'order_payment_transactions'/'groupon_orders'
'snc1_teradata'/'order_payment_transactions'/'groupon_orders_snc1'
'snc1_teradata'/'order_request_details'/'groupon_orders_snc1'
'snc1_teradata'/'orders'/'groupon_orders'
'snc1_teradata'/'orders'/'groupon_orders_snc1'
'snc1_teradata'/'order_shipping_cost_versions'/'groupon_orders_snc1'
'snc1_teradata'/'parent_orders'/'groupon_orders'
'snc1_teradata'/'parent_orders'/'groupon_orders_snc1'
'snc1_teradata'/'subscriptions'/'groupon'
'snc1_teradata'/'tax_documents'/'groupon_orders_snc1'
'snc1_teradata'/'user_profiles'/'groupon'
'snc1_teradata'/'users'/'groupon'
'snc1_teradata'/'voucher_txn_events'/'voucher_txn_db'
'snc1_teradata'/'voucher_barcodes'/'groupon_orders_snc1'
'tdwc'/'order_attributes'/'snc1_orders_parsed'
'Teradata'/'billings'/'Orders'
'Teradata'/'deals_core'/'Deal Catalog'
'Teradata'/'dim_deal_unity'/'Deal Catalog'
'Teradata'/'fact_order_transactions_NA'/'groupon_order_production'
'Teradata'/'glive_purchase'/'glive'
'Teradata'/'subscriptions'/'GSS'
'Teradata'/'tpis_reservation'/'tpis_service'
'Teradata'/'tpis_unit'/'tpis_service'
'snc1_gdoop_hive'/'orders'/'meg_groupon_orders'/edw
'snc1_gdoop_hive'/'parent_orders'/'meg_groupon_orders'/edw
'snc1_gdoop_hive'/'order_request_details'/'meg_groupon_orders'/edw
'snc1_gdoop_sox_teradata'/'unit_price_summaries'/'meg_grp_prod'/edw
'snc1_gdoop_sox_teradata'/'redemptions'/'meg_grp_prod'/edw
'snc1_gdoop_sox_teradata'/'redemption_sources'/'meg_grp_prod'/edw
'snc1_gdoop_sox_teradata'/'campaign_membership_coupons'/'meg_grp_prod'/edw
