'hive'/'fact_order_adj_NA'/'groupon_order_production'
'hive'/'fact_order_transactions_NA'/'groupon_order_production'
'hive'/'fact_voucher_details_NA'/'groupon_order_production'
'snc1_hive'/'order_events'/'groupon_orders_snc1'
'snc1_hive'/'order_item_adjustment_events'/'groupon_orders_snc1'
'snc1_hive'/'order_item_adjustments'/'groupon_orders_snc1'
'snc1_hive'/'order_item_unit_events'/'groupon_orders_snc1'
'snc1_hive'/'order_item_units'/'groupon_orders_snc1'
'snc1_hive'/'order_request_details_raw'/'groupon_orders_snc1'
'snc1_hive'/'orders'/'groupon_orders_snc1'
'snc1_hive'/'parent_orders'/'groupon_orders_snc1'
'snc1_teradata'/'campaign_details'/'groupon'
'snc1_teradata'/'campaign_membership_coupons'/'groupon_orders_snc1'
'snc1_teradata'/'campaign_membership_leads'/'groupon'
'snc1_teradata'/'campaign_membership_pledges'/'groupon_orders_snc1'
'snc1_teradata'/'campaign_memberships'/'groupon_orders_snc1'
'snc1_teradata'/'campaign_pledges'/'groupon'
'snc1_teradata'/'campaigns'/'groupon'
'snc1_teradata'/'channel_subscription_leads'/'groupon_user'
'snc1_teradata'/'channel_subscriptions'/'groupon_user'
'snc1_teradata'/'collection_transactions'/'groupon_orders_snc1'
'snc1_teradata'/'deal_localized_contents'/'groupon'
'snc1_teradata'/'order_audit_records'/'groupon_orders_snc1'
'snc1_teradata'/'order_discount_versions'/'groupon_orders_snc1'
'snc1_teradata'/'order_discounts'/'groupon_orders_snc1'
'snc1_teradata'/'order_item_units'/'groupon_orders_snc1'
'snc1_teradata'/'order_payment_transactions'/'groupon_orders_snc1'
'snc1_teradata'/'order_request_details'/'groupon_orders_snc1'
'snc1_teradata'/'order_shipping_cost_versions'/'groupon_orders_snc1'
'snc1_teradata'/'orders'/'groupon_orders_snc1'
'snc1_teradata'/'parent_orders'/'groupon_orders_snc1'
'snc1_teradata'/'subscription_leads'/'groupon'
'snc1_teradata'/'subscriptions'/'groupon'
'snc1_teradata'/'tax_documents'/'groupon_orders_snc1'
'snc1_teradata'/'user_profiles'/'groupon'
'snc1_teradata'/'users'/'groupon'
'snc1_teradata'/'voucher_txn_events'/'voucher_txn_db'
'tdwc'/'order_attributes'/'snc1_orders_parsed'
'Teradata'/'fact_order_transactions_NA'/'groupon_order_production'
'Teradata'/'glive_purchase'/'glive'
'Teradata'/'subscriptions'/'GSS'
'Teradata'/'tpis_reservation'/'tpis_service'
'Teradata'/'tpis_unit'/'tpis_service'
